mkdir -p /tmp/rev5-linux-build/build
arm-none-eabi-gcc -mcpu=cortex-m0plus -mthumb -Os -g -Wall -Wextra -std=c11 -ffreestanding -fno-common -fno-builtin -Isrc -MMD -MP -c src/startup_stm32g031xx.c -o /tmp/rev5-linux-build/build/startup_stm32g031xx.o
arm-none-eabi-gcc -mcpu=cortex-m0plus -mthumb -Os -g -Wall -Wextra -std=c11 -ffreestanding -fno-common -fno-builtin -Isrc -MMD -MP -c src/main.c -o /tmp/rev5-linux-build/build/main.o
arm-none-eabi-gcc -mcpu=cortex-m0plus -mthumb -Os -g -Wall -Wextra -std=c11 -ffreestanding -fno-common -fno-builtin -Isrc -MMD -MP -c src/clock.c -o /tmp/rev5-linux-build/build/clock.o
arm-none-eabi-gcc -mcpu=cortex-m0plus -mthumb -Os -g -Wall -Wextra -std=c11 -ffreestanding -fno-common -fno-builtin -Isrc -MMD -MP -c src/gpio.c -o /tmp/rev5-linux-build/build/gpio.o
arm-none-eabi-gcc -mcpu=cortex-m0plus -mthumb -Os -g -Wall -Wextra -std=c11 -ffreestanding -fno-common -fno-builtin -Isrc -MMD -MP -c src/systick.c -o /tmp/rev5-linux-build/build/systick.o
arm-none-eabi-gcc -mcpu=cortex-m0plus -mthumb -Os -g -Wall -Wextra -std=c11 -ffreestanding -fno-common -fno-builtin -Isrc -MMD -MP -c src/usart2.c -o /tmp/rev5-linux-build/build/usart2.o
arm-none-eabi-gcc -mcpu=cortex-m0plus -mthumb -Os -g -Wall -Wextra -std=c11 -ffreestanding -fno-common -fno-builtin -Isrc -MMD -MP -c src/i2c2.c -o /tmp/rev5-linux-build/build/i2c2.o
arm-none-eabi-gcc -mcpu=cortex-m0plus -mthumb -Os -g -Wall -Wextra -std=c11 -ffreestanding -fno-common -fno-builtin -Isrc -MMD -MP -c src/bmi270.c -o /tmp/rev5-linux-build/build/bmi270.o
arm-none-eabi-gcc -mcpu=cortex-m0plus -mthumb -Os -g -Wall -Wextra -std=c11 -ffreestanding -fno-common -fno-builtin -Isrc -MMD -MP -c src/reset_reason.c -o /tmp/rev5-linux-build/build/reset_reason.o
arm-none-eabi-gcc -mcpu=cortex-m0plus -mthumb -Os -g -Wall -Wextra -std=c11 -ffreestanding -fno-common -fno-builtin -Isrc -MMD -MP -c src/i2c1.c -o /tmp/rev5-linux-build/build/i2c1.o
arm-none-eabi-gcc -mcpu=cortex-m0plus -mthumb -Os -g -Wall -Wextra -std=c11 -ffreestanding -fno-common -fno-builtin -Isrc -MMD -MP -c src/tim1_pwm.c -o /tmp/rev5-linux-build/build/tim1_pwm.o
arm-none-eabi-gcc -mcpu=cortex-m0plus -mthumb -Os -g -Wall -Wextra -std=c11 -ffreestanding -fno-common -fno-builtin -Isrc -MMD -MP -c src/tim3_fg.c -o /tmp/rev5-linux-build/build/tim3_fg.o
arm-none-eabi-gcc -mcpu=cortex-m0plus -mthumb -Os -g -Wall -Wextra -std=c11 -ffreestanding -fno-common -fno-builtin -Isrc -MMD -MP -c src/drv10983.c -o /tmp/rev5-linux-build/build/drv10983.o
arm-none-eabi-gcc -mcpu=cortex-m0plus -mthumb -Os -g -Wall -Wextra -std=c11 -ffreestanding -fno-common -fno-builtin -Isrc -MMD -MP -c src/motor.c -o /tmp/rev5-linux-build/build/motor.o
arm-none-eabi-gcc -mcpu=cortex-m0plus -mthumb -T linker/STM32G031K8Tx_FLASH.ld -nostdlib -Wl,--gc-sections -Wl,-Map=/tmp/rev5-linux-build/build/bench-imu-01.map /tmp/rev5-linux-build/build/startup_stm32g031xx.o /tmp/rev5-linux-build/build/main.o /tmp/rev5-linux-build/build/clock.o /tmp/rev5-linux-build/build/gpio.o /tmp/rev5-linux-build/build/systick.o /tmp/rev5-linux-build/build/usart2.o /tmp/rev5-linux-build/build/i2c2.o /tmp/rev5-linux-build/build/bmi270.o /tmp/rev5-linux-build/build/reset_reason.o /tmp/rev5-linux-build/build/i2c1.o /tmp/rev5-linux-build/build/tim1_pwm.o /tmp/rev5-linux-build/build/tim3_fg.o /tmp/rev5-linux-build/build/drv10983.o /tmp/rev5-linux-build/build/motor.o -lgcc -o /tmp/rev5-linux-build/build/bench-imu-01.elf
arm-none-eabi-objcopy -O binary /tmp/rev5-linux-build/build/bench-imu-01.elf /tmp/rev5-linux-build/build/bench-imu-01.bin
arm-none-eabi-objcopy -O ihex /tmp/rev5-linux-build/build/bench-imu-01.elf /tmp/rev5-linux-build/build/bench-imu-01.hex
arm-none-eabi-size /tmp/rev5-linux-build/build/bench-imu-01.elf
   text	   data	    bss	    dec	    hex	filename
  14844	      0	    108	  14952	   3a68	/tmp/rev5-linux-build/build/bench-imu-01.elf
